// Jest Snapshot v1, https://goo.gl/fbAQLP

exports[`Button renders correctly 1`] = `
<div>
  <button
    type="button"
  >
    Click me
  </button>
  <style>
    
          button {
            font-size: 12px;
          }
        
  </style>
</div>
`;
